Info: [VCS_SAVE_RESTORE_INFO] ASLR (Address Space Layout Randomization) is detected on the machine. To enable $save functionality, ASLR will be switched off and simv re-executed.
Please use '-no_save' simv switch to avoid re-execution or '-suppress=ASLR_DETECTED_INFO' to suppress this message.
Chronologic VCS simulator copyright 1991-2023
Contains Synopsys proprietary information.
Compiler version V-2023.12-SP2-1_Full64; Runtime version V-2023.12-SP2-1_Full64;  Apr 19 11:30 2025

---- Starting CPU Testbench ----

Using memory file  : programs/mem/bfs.mem
Using output files : output/bfs.{out, cpi, wb, ppln}

                 0 : Asserting Reset
               150 : Loading Unified Memory
               360 : Deasserting Reset
               360 : Running Processor
            665820 : Processor Finished

---- Finished CPU Testbench ----

$finish called from file "test/cpu_test.sv", line 459.
$finish at simulation time               666820
           V C S   S i m u l a t i o n   R e p o r t 
Time: 66682000 ps
CPU Time:      2.400 seconds;       Data structure size:   0.3Mb
Sat Apr 19 11:30:14 2025
